dbg> ---- START DEBUG ----
OUTPUT: locInteger = 7
OUTPUT: locFloat = 8.000000
OUTPUT: locString = local variable
OUTPUT: locIntArray[5] = 51
OUTPUT: locFloatArray[7] = 51.509998
OUTPUT: locStringArray[1] = Twenty
OUTPUT: argInteger = 5
OUTPUT: argFloat = 6.000000
OUTPUT: argString = some string
OUTPUT: argIntArray[5] = 443
OUTPUT: argFloatArray[7] = 443.429992
OUTPUT: argStringArray[1] = FiftyFour
OUTPUT: g_Integer = 42
OUTPUT: g_Float = 42.419998
OUTPUT: g_String = FortyTwo
OUTPUT: g_IntArray[5] = 43
OUTPUT: g_FloatArray[7] = 43.430000
OUTPUT: g_StringArray[1] = FortyFour
BREAK at line 80 in debugger_test.sp in BreakHere
dbg> loc	<  0x5704>	char locStringArray[2][32]	(multi-dimensional array)
loc	<  0x571c>	float locFloatArray[20]	{51.509998,51.509998,51.509998,51.509998,51.509998,...}
loc	<  0x576c>	int locIntArray[20]	{51,51,51,51,51,...}
loc	<  0x57bc>	char locString[16]	"local variable"
loc	<  0x57cc>	float locFloat	8.000000
loc	<  0x57d0>	int locInteger	7
arg	<  0x57f4>	&char[][] argStringArray	(multi-dimensional array)
arg	<  0x57f0>	&float[] argFloatArray	{443.429993,...}
arg	<  0x57ec>	&int[] argIntArray	{443,...}
arg	<  0x57e8>	&char[] argString	"some string"
arg	<  0x57e4>	float argFloat	6.000000
arg	<  0x57e0>	int argInteger	5
glb	<   0x8ac>	int MaxClients	0
glb	<    0x44>	char NULL_STRING[4]	NULL_STRING
glb	<    0x38>	float NULL_VECTOR[3]	{0.000000,0.000000,0.000000}
glb	<    0x58>	Extension __ext_core	72
glb	<    0x28>	PlVers __version	5
glb	<   0x8b4>	float g_Float	42.419998
glb	<   0x914>	float g_FloatArray[20]	{43.430000,43.430000,43.430000,43.430000,43.430000,...}
glb	<   0x8c4>	int g_IntArray[20]	{43,43,43,43,43,...}
glb	<   0x984>	int g_IntMultiArray[4][4]	(multi-dimensional array)
glb	<   0x8b0>	int g_Integer	42
glb	<   0x8b8>	char g_String[12]	"FortyTwo"
glb	<   0x964>	char g_StringArray[2][48]	(multi-dimensional array)
dbg> Clearing all breakpoints. Running normally.
OUTPUT: g_IntMultiArray[1][3] = 45
---- STOP DEBUG ----
